# Run Log - 2025-12-25 11:20:56
# Command: build_water_on_silicone.py --n_water 50 --auto_interface --add_vacuum --water_layer_height 10.0 --vacuum_thickness 15
======================================================================

======================================================================
Water-PDMS Interface Builder for H2O2 Mechanism Studies
======================================================================

Step 1: Creating relaxed_structure.xyz...
  Note: Removed 'tags' property from header (data has 4 columns)
  Relaxed structure saved to: C:\Users\SIQI\iCloudDrive\Interfacial_Water\PTFE_H2O2_interface\1.ModelBuilding\direct_waterdroplet_model\silicone_slab\relaxed_structure_assembled_by_H2O\relaxed_structure.xyz

Step 2: Reading slab structure...
  Slab atoms: 523
  Slab translated: z_min 0.86 -> 1.00 A (shift: +0.14 A)

  Auto-calculated interface parameters:
    Surface type: hydrophobic
    Number of layers: 2
    Interface thickness: 5.60 Å
    Max interface waters: 60 (30 per layer)
    Recommended z_offset: 2.00 Å
    Correlation length: 6.00 Å
    Density ratio (interface/bulk): 0.70
    Interface density: 0.70 g/cm³ (bulk: 1.00 g/cm³)

Step 3: Adding 50 water molecules...

  Slab z_max: 19.35 Å
  Water layer: z=21.35 to 31.35 Å
  Placement mode: interface
  Interface layer: z=21.35 to 26.95 Å, 25 waters (dangling)
  Bulk layer: z=26.95 to 31.35 Å, 25 waters (random)
  Adding vacuum gap: 15.00 Å

  Summary:
    Total atoms: 673
    Slab atoms: 523
    Water molecules: 50
    Cell: 22.0000 19.0800 46.3516 90.00 90.00 90.00

Step 4: Writing output files...
  Created output directory: output_model
  XYZ format saved to: output_model\silicone_water_50.xyz
  CP2K format saved to: output_model\silicone_water_50_cp2k.xyz

======================================================================
Done!
======================================================================
